
BuildingSync
  Translator should
Removing dir: /Users/heslinge/Repos/BuildingSync-gem/spec/output/v2.4.0/translator_write_osw_spec/example-smalloffice-level1/ASHRAE90
/Users/heslinge/Repos/BuildingSync-gem/spec/files/v2.4.0/example-smalloffice-level1.xml
/Users/heslinge/Repos/BuildingSync-gem/spec/output/v2.4.0/translator_write_osw_spec/example-smalloffice-level1/ASHRAE90
ERROR: undefined method `[]' for nil:NilClass
[BuildingSync.Translator.initialize] <1> File '/Users/heslinge/Repos/BuildingSync-gem/spec/files/v2.4.0/example-smalloffice-level1.xml' does not validate against the BuildingSync schema version 2.6.0
Total measures found: 17. All measures defined by @workflow found.
[BuildingSync.LocationElement.read_climate_zone] <0> Element ID: Site-1 - Title24 Climate Zone and ASHRAE Climate Zone not found
[BuildingSync.LocationElement.read_climate_zone] <0> Element ID: Site-1 - Title24 Climate Zone and ASHRAE Climate Zone not found
[BuildingSync.LocationElement.read_climate_zone] <0> Element ID: Building-Small-Office-Prototype - Title24 Climate Zone and ASHRAE Climate Zone not found
[BuildingSync.LocationElement.read_climate_zone] <0> Element ID: Building-Small-Office-Prototype - Title24 Climate Zone and ASHRAE Climate Zone not found
[BuildingSync.Facility.read_xml] <0> A Current Building Modeled Scenario is required.
Element ID: Section-1 started with occupancy_classification Office and total floor area: 5500.0
selected the following standards_building_type: MediumOffice
Element ID: Building-Small-Office-Prototype started with occupancy_classification Office and total floor area: 5500.0
selected the following standards_building_type: MediumOffice
[BuildingSync.Building.set_building_form_defaults] <0> 0.0 value for aspect ratio will be replaced with smart default for MediumOffice of 1.5.
[BuildingSync.Building.set_building_form_defaults] <0> 0.0 value for floor height will be replaced with smart default for MediumOffice of 13.0.
[BuildingSync.Building.set_building_form_defaults] <0> 0.0 value for window to wall ratio will be replaced with smart default for MediumOffice of 0.33.
[BuildingSync.Site.generate_baseline_osm] <0> Could not find a climate zone in the BuildingSync file.
Using passed in weather file: /Users/heslinge/Repos/BuildingSync-gem/spec/weather/USA_IL_Chicago-OHare.Intl.AP.725300_TMY3.epw
Defaulting bundle_install_path to bundle's local config value: '/Users/heslinge/Repos/BuildingSync-gem/.bundle/install/'
Merging in passed-in options
Initializing runner with dirname: '/Users/heslinge/Repos/BuildingSync-gem' and options: {:file_version=>"0.1.0", :max_datapoints=>1000000000, :num_parallel=>7, :run_simulations=>true, :verbose=>false, :gemfile_path=>"", :bundle_install_path=>"/Users/heslinge/Repos/BuildingSync-gem/.bundle/install/", :max_to_run=>Infinity}
@bundle_without_string = ''
bundler config exists
Gemfile.lock exists
needs_config = false
needs_platform = false
needs_update = false
SYSTEM CALL:
/Applications/OpenStudio-3.9.0/bin/openstudio --bundle '/Users/heslinge/Repos/BuildingSync-gem/Gemfile' --bundle_path '/Users/heslinge/Repos/BuildingSync-gem/.bundle/install/' run -w '/Users/heslinge/Repos/BuildingSync-gem/test smalloffice/baseline/in.osw' 2>&1 > "/Users/heslinge/Repos/BuildingSync-gem/test smalloffice/baseline/in.osw.log"
DONE, result = true
    write and run baseline owm. File: example-smalloffice-level1.xml, Standard: ASHRAE90.1, EPW_Path: /Users/heslinge/Repos/BuildingSync-gem/spec/weather/USA_IL_Chicago-OHare.Intl.AP.725300_TMY3.epw, File Schema Version: v2.4.0
Removing dir: /Users/heslinge/Repos/BuildingSync-gem/spec/output/v2.4.0/translator_write_osw_spec/example-smalloffice-level1/ASHRAE90
/Users/heslinge/Repos/BuildingSync-gem/spec/files/v2.4.0/example-smalloffice-level1.xml
/Users/heslinge/Repos/BuildingSync-gem/spec/output/v2.4.0/translator_write_osw_spec/example-smalloffice-level1/ASHRAE90
ERROR: undefined method `[]' for nil:NilClass
[BuildingSync.Translator.initialize] <1> File '/Users/heslinge/Repos/BuildingSync-gem/spec/files/v2.4.0/example-smalloffice-level1.xml' does not validate against the BuildingSync schema version 2.6.0
Total measures found: 17. All measures defined by @workflow found.
[BuildingSync.LocationElement.read_climate_zone] <0> Element ID: Site-1 - Title24 Climate Zone and ASHRAE Climate Zone not found
[BuildingSync.LocationElement.read_climate_zone] <0> Element ID: Site-1 - Title24 Climate Zone and ASHRAE Climate Zone not found
[BuildingSync.LocationElement.read_climate_zone] <0> Element ID: Building-Small-Office-Prototype - Title24 Climate Zone and ASHRAE Climate Zone not found
[BuildingSync.LocationElement.read_climate_zone] <0> Element ID: Building-Small-Office-Prototype - Title24 Climate Zone and ASHRAE Climate Zone not found
[BuildingSync.Facility.read_xml] <0> A Current Building Modeled Scenario is required.
Element ID: Section-1 started with occupancy_classification Office and total floor area: 5500.0
selected the following standards_building_type: MediumOffice
Element ID: Building-Small-Office-Prototype started with occupancy_classification Office and total floor area: 5500.0
selected the following standards_building_type: MediumOffice
[BuildingSync.Building.set_building_form_defaults] <0> 0.0 value for aspect ratio will be replaced with smart default for MediumOffice of 1.5.
[BuildingSync.Building.set_building_form_defaults] <0> 0.0 value for floor height will be replaced with smart default for MediumOffice of 13.0.
[BuildingSync.Building.set_building_form_defaults] <0> 0.0 value for window to wall ratio will be replaced with smart default for MediumOffice of 0.33.
[BuildingSync.Site.generate_baseline_osm] <0> Could not find a climate zone in the BuildingSync file.
Using passed in weather file: /Users/heslinge/Repos/BuildingSync-gem/spec/weather/USA_IL_Chicago-OHare.Intl.AP.725300_TMY3.epw
Defaulting bundle_install_path to bundle's local config value: '/Users/heslinge/Repos/BuildingSync-gem/.bundle/install/'
Merging in passed-in options
Initializing runner with dirname: '/Users/heslinge/Repos/BuildingSync-gem' and options: {:file_version=>"0.1.0", :max_datapoints=>1000000000, :num_parallel=>7, :run_simulations=>true, :verbose=>false, :gemfile_path=>"", :bundle_install_path=>"/Users/heslinge/Repos/BuildingSync-gem/.bundle/install/", :max_to_run=>Infinity}
@bundle_without_string = ''
bundler config exists
Gemfile.lock exists
needs_config = false
needs_platform = false
needs_update = false
SYSTEM CALL:
/Applications/OpenStudio-3.9.0/bin/openstudio --bundle '/Users/heslinge/Repos/BuildingSync-gem/Gemfile' --bundle_path '/Users/heslinge/Repos/BuildingSync-gem/.bundle/install/' run -w '/Users/heslinge/Repos/BuildingSync-gem/test smalloffice/baseline/in.osw' 2>&1 > "/Users/heslinge/Repos/BuildingSync-gem/test smalloffice/baseline/in.osw.log"
DONE, result = true
[BuildingSync.WorkflowMaker.configure_workflow_for_scenario] <0> Could not find measure 'Add VSD motor controller' under category Fan in workflow_maker.json.
[BuildingSync.WorkflowMaker.configure_workflow_for_scenario] <0> Measure ID: Measure-VSDs could not be processed!
[BuildingSync.WorkflowMaker.configure_workflow_for_scenario] <1> 1 measures expected, 0 resolved,  expected measure_ids = ["Measure-VSDs"]
[BuildingSync.WorkflowMaker.write_osw] <1> Could not configure workflow for scenario 
[BuildingSync.WorkflowMaker.configure_workflow_for_scenario] <0> Could not find measure 'Add VSD motor controller' under category Fan in workflow_maker.json.
[BuildingSync.WorkflowMaker.configure_workflow_for_scenario] <0> Measure ID: Measure-VSDs could not be processed!
[BuildingSync.WorkflowMaker.configure_workflow_for_scenario] <1> 2 measures expected, 1 resolved,  expected measure_ids = ["Measure-LEDs", "Measure-VSDs"]
[BuildingSync.WorkflowMaker.write_osw] <1> Could not configure workflow for scenario 
[BuildingSync.WorkflowMaker.write_report_osws] <1> Facility ID: Facility-1. Expected 3, Got 1 OSWs
Defaulting bundle_install_path to bundle's local config value: '/Users/heslinge/Repos/BuildingSync-gem/.bundle/install/'
Merging in passed-in options
Initializing runner with dirname: '/Users/heslinge/Repos/BuildingSync-gem' and options: {:file_version=>"0.1.0", :max_datapoints=>1000000000, :num_parallel=>7, :run_simulations=>true, :verbose=>false, :gemfile_path=>"", :bundle_install_path=>"/Users/heslinge/Repos/BuildingSync-gem/.bundle/install/", :max_to_run=>Infinity}
@bundle_without_string = ''
bundler config exists
Gemfile.lock exists
needs_config = false
needs_platform = false
needs_update = false
SYSTEM CALL:
/Applications/OpenStudio-3.9.0/bin/openstudio --bundle '/Users/heslinge/Repos/BuildingSync-gem/Gemfile' --bundle_path '/Users/heslinge/Repos/BuildingSync-gem/.bundle/install/' run -w '/Users/heslinge/Repos/BuildingSync-gem/test smalloffice/Scenario-POM-LEDs/in.osw' 2>&1 > "/Users/heslinge/Repos/BuildingSync-gem/test smalloffice/Scenario-POM-LEDs/in.osw.log"
SYSTEM CALL:
/Applications/OpenStudio-3.9.0/bin/openstudio --bundle '/Users/heslinge/Repos/BuildingSync-gem/Gemfile' --bundle_path '/Users/heslinge/Repos/BuildingSync-gem/.bundle/install/' run -w '/Users/heslinge/Repos/BuildingSync-gem/test smalloffice/baseline/in.osw' 2>&1 > "/Users/heslinge/Repos/BuildingSync-gem/test smalloffice/baseline/in.osw.log"
SYSTEM CALL:
/Applications/OpenStudio-3.9.0/bin/openstudio --bundle '/Users/heslinge/Repos/BuildingSync-gem/Gemfile' --bundle_path '/Users/heslinge/Repos/BuildingSync-gem/.bundle/install/' run -w '/Users/heslinge/Repos/BuildingSync-gem/test smalloffice/baseline/003_create_typical_building_from_model/create_typical_building_from_model_SR1/in.osw' 2>&1 > "/Users/heslinge/Repos/BuildingSync-gem/test smalloffice/baseline/003_create_typical_building_from_model/create_typical_building_from_model_SR1/in.osw.log"
Error running command: '/Applications/OpenStudio-3.9.0/bin/openstudio --bundle '/Users/heslinge/Repos/BuildingSync-gem/Gemfile' --bundle_path '/Users/heslinge/Repos/BuildingSync-gem/.bundle/install/' run -w '/Users/heslinge/Repos/BuildingSync-gem/test smalloffice/Scenario-POM-LEDs/in.osw' 2>&1 > "/Users/heslinge/Repos/BuildingSync-gem/test smalloffice/Scenario-POM-LEDs/in.osw.log"'
stdout: Failed to run workflow. Last Error:
  Found error in state 'Initialization' with message: 'Seed model test smalloffice/baseline/in.osm specified in OSW cannot be found'
stderr: 
DONE, result = false
Error running command: '/Applications/OpenStudio-3.9.0/bin/openstudio --bundle '/Users/heslinge/Repos/BuildingSync-gem/Gemfile' --bundle_path '/Users/heslinge/Repos/BuildingSync-gem/.bundle/install/' run -w '/Users/heslinge/Repos/BuildingSync-gem/test smalloffice/baseline/003_create_typical_building_from_model/create_typical_building_from_model_SR1/in.osw' 2>&1 > "/Users/heslinge/Repos/BuildingSync-gem/test smalloffice/baseline/003_create_typical_building_from_model/create_typical_building_from_model_SR1/in.osw.log"'
stdout: Failed to run workflow. Last Error:
  Found error in state 'Translator' with message: 'boost::filesystem::copy_file: File exists [system:17]: "/Users/heslinge/Repos/BuildingSync-gem/test smalloffice/baseline/003_create_typical_building_from_model/create_typical_building_from_model_SR1/in.epw", "/Users/heslinge/Repos/BuildingSync-gem/test smalloffice/baseline/003_create_typical_building_from_model/create_typical_building_from_model_SR1/in.epw"'
stderr: 
DONE, result = false
DONE, result = true
    write and run measure owms. File: example-smalloffice-level1.xml, Standard: ASHRAE90.1, EPW_Path: /Users/heslinge/Repos/BuildingSync-gem/spec/weather/USA_IL_Chicago-OHare.Intl.AP.725300_TMY3.epw, File Schema Version: v2.4.0 (FAILED - 1)

Failures:

  1) BuildingSync Translator should write and run measure owms. File: example-smalloffice-level1.xml, Standard: ASHRAE90.1, EPW_Path: /Users/heslinge/Repos/BuildingSync-gem/spec/weather/USA_IL_Chicago-OHare.Intl.AP.725300_TMY3.epw, File Schema Version: v2.4.0
     Failure/Error: expect(File.exist?(output_path + "/" + measure)).to be true

       expected true
            got false
     # ./spec/tests/translator_write_osw_spec.rb:62:in `block (5 levels) in <top (required)>'
     # ./spec/tests/translator_write_osw_spec.rb:61:in `each'
     # ./spec/tests/translator_write_osw_spec.rb:61:in `block (4 levels) in <top (required)>'

Finished in 4 minutes 1.4 seconds (files took 5.96 seconds to load)
2 examples, 1 failure

Failed examples:

rspec ./spec/tests/translator_write_osw_spec.rb:30 # BuildingSync Translator should write and run measure owms. File: example-smalloffice-level1.xml, Standard: ASHRAE90.1, EPW_Path: /Users/heslinge/Repos/BuildingSync-gem/spec/weather/USA_IL_Chicago-OHare.Intl.AP.725300_TMY3.epw, File Schema Version: v2.4.0

